
 RUN  v4.1.5 C:/Users/Daug-PA/HealthNet-AI

 ├ù src/components/legal/Disclaimer.test.tsx > Disclaimer Component > renders with the expected semantic roles and content 366ms
   ΓåÆ Unable to find an element with the text: /not a medical device/i. This could be because the text is broken up by multiple elements. In this case, you can provide a function for your text matcher to make your matcher more flexible.

Ignored nodes: comments, script, style
[36m<body>[39m
  [36m<div>[39m
    [36m<div[39m
      [33maria-label[39m=[32m"Ethical and legal disclaimer"[39m
      [33mclass[39m=[32m"group/card flex flex-col gap-4 overflow-hidden rounded-xl py-4 text-sm text-card-foreground ring-1 ring-foreground/10 has-data-[slot=card-footer]:pb-0 has-[>img:first-child]:pt-0 data-[size=sm]:gap-3 data-[size=sm]:py-3 data-[size=sm]:has-data-[slot=card-footer]:pb-0 *:[img:first-child]:rounded-t-xl *:[img:last-child]:rounded-b-xl border-none shadow-sm bg-destructive/5 border-l-4 border-l-destructive"[39m
      [33mdata-size[39m=[32m"default"[39m
      [33mdata-slot[39m=[32m"card"[39m
      [33mrole[39m=[32m"note"[39m
    [36m>[39m
      [36m<div[39m
        [33mclass[39m=[32m"group/card-header @container/card-header grid auto-rows-min items-start gap-1 rounded-t-xl px-4 group-data-[size=sm]/card:px-3 has-data-[slot=card-action]:grid-cols-[1fr_auto] has-data-[slot=card-description]:grid-rows-[auto_auto] [.border-b]:pb-4 group-data-[size=sm]/card:[.border-b]:pb-3 pb-2"[39m
        [33mdata-slot[39m=[32m"card-header"[39m
      [36m>[39m
        [36m<div[39m
          [33mclass[39m=[32m"font-heading group-data-[size=sm]/card:text-sm text-sm font-bold flex items-center gap-2 text-destructive"[39m
          [33mdata-slot[39m=[32m"card-title"[39m
        [36m>[39m
          [36m<svg[39m
            [33maria-hidden[39m=[32m"true"[39m
            [33mclass[39m=[32m"lucide lucide-shield-alert w-4 h-4 shrink-0"[39m
            [33mfill[39m=[32m"none"[39m
            [33mheight[39m=[32m"24"[39m
            [33mstroke[39m=[32m"currentColor"[39m
            [33mstroke-linecap[39m=[32m"round"[39m
            [33mstroke-linejoin[39m=[32m"round"[39m
            [33mstroke-width[39m=[32m"2"[39m
            [33mviewBox[39m=[32m"0 0 24 24"[39m
            [33mwidth[39m=[32m"24"[39m
            [33mxmlns[39m=[32m"http://www.w3.org/2000/svg"[39m
          [36m>[39m
            [36m<path[39m
              [33md[39m=[32m"M20 13c0 5-3.5 7.5-7.66 8.95a1 1 0 0 1-.67-.01C7.5 20.5 4 18 4 13V6a1 1 0 0 1 1-1c2 0 4.5-1.2 6.24-2.72a1.17 1.17 0 0 1 1.52 0C14.51 3.81 17 5 19 5a1 1 0 0 1 1 1z"[39m
            [36m/>[39m
            [36m<path[39m
              [33md[39m=[32m"M12 8v4"[39m
            [36m/>[39m
            [36m<path[39m
              [33md[39m=[32m"M12 16h.01"[39m
            [36m/>[39m
          [36m</svg>[39m
          [0m Ethical & Legal Notice[0m
        [36m</div>[39m
      [36m</div>[39m
      [36m<div[39m
        [33mclass[39m=[32m"px-4 group-data-[size=sm]/card:px-3 space-y-4"[39m
        [33mdata-slot[39m=[32m"card-content"[39m
      [36m>[39m
        [36m<p[39m
          [33mclass[39m=[32m"text-xs leading-relaxed text-destructive/90"[39m
        [36m>[39m
          [0mHealthNet AI is an experimental clinical decision support system. It is designed to provide information and guidance based on AI models and rule-based systems.[0m
        [36m</p>[39m
        [36m<div[39m
          [33mclass[39m=[32m"grid grid-cols-1 md:grid-cols-2 gap-4"[39m
        [36m>[39m
          [36m<div[39m
            [33mclass[39m=[32m"flex gap-3"[39m
          [36m>[39m
            [36m<svg[39m
              [33maria-hidden[39m=[32m"true"[39m
              [33mclass[39m=[32m"lucide lucide-scale w-4 h-4 text-destructive shrink-0 mt-0.5"[39m
              [33mfill[39m=[32m"none"[39m
              [33mheight[39m=[32m"24"[39m
              [33mstroke[39m=[32m"currentColor"[39m
              [33mstroke-linecap[39m=[32m"round"[39m
              [33mstroke-linejoin[39m=[32m"round"[39m
              [33mstroke-width[39m=[32m"2"[39m
              [33mviewBox[39m=[32m"0 0 24 24"[39m
              [33mwidth[39m=[32m"24"[39m
              [33mxmlns[39m=[32m"http://www.w3.org/2000/svg"[39m
            [36m>[39m
              [36m<path[39m
                [33md[39m=[32m"m16 16 3-8 3 8c-.87.65-1.92 1-3 1s-2.13-.35-3-1Z"[39m
              [36m/>[39m
              [36m<path[39m
                [33md[39m=[32m"m2 16 3-8 3 8c-.87.65-1.92 1-3 1s-2.13-.35-3-1Z"[39m
              [36m/>[39m
              [36m<path[39m
                [33md[39m=[32m"M7 21h10"[39m
              [36m/>[39m
              [36m<path[39m
                [33md[39m=[32m"M12 3v18"[39m
              [36m/>[39m
              [36m<path[39m
                [33md[39m=[32m"M3 7h2c2 0 5-1 7-2 2 1 5 2 7 2h2"[39m
              [36m/>[39m
            [36m</svg>[39m
            [36m<div>[39m
              [36m<p[39m
                [33mclass[39m=[32m"text-[10px] font-bold uppercase tracking-wider mb-1"[39m
              [36m>[39m
                [0mLegal Status[0m
              [36m</p>[39m
              [36m<p[39m
                [33mclass[39m=[32m"text-[10px] leading-relaxed opacity-80"[39m
              [36m>[39m
                [0mThis software is [0m
                [36m<em>[39m
                  [0mnot[0m
                [36m</em>[39m
                [0m a medical device. It has not been cleared by the FDA or any other regulatory body for clinical use.[0m
              [36m</p>[39m
            [36m</div>[39m
          [36m</div>[39m
          [36m<div[39m
            [33mclass[39m=[32m"flex gap-3"[39m
          [36m>[39m
            [36m<svg[39m
              [33maria-hidden[39m=[32m"true"[39m
              [33mclass[39m=[32m"lucide lucide-file-text w-4 h-4 text-destructive shrink-0 mt-0.5"[39m
              [33mfill[39m=[32m"none"[39m
              [33mheight[39m=[32m"24"[39m
              [33mstroke[39m=[32m"currentColor"[39m
              [33mstroke-linecap[39m=[32m"round"[39m
              [33mstroke-linejoin[39m=[32m"round"[39m
              [33mstroke-width[39m=[32m"2"[39m
              [33mviewBox[39m=[32m"0 0 24 24"[39m
              [33mwidth[39m=[32m"24"[39m
              [33mxmlns[39m=[32m"http://www.w3.org/2000/svg"[39m
            [36m>[39m
              [36m<path[39m
                [33md[39m=[32m"M15 2H6a2 2 0 0 0-2 2v16a2 2 0 0 0 2 2h12a2 2 0 0 0 2-2V7Z"[39m
              [36m/>[39m
              [36m<path[39m
                [33md[39m=[32m"M14 2v4a2 2 0 0 0 2 2h4"[39m
              [36m/>[39m
              [36m<path[39m
                [33md[39m=[32m"M10 9H8"[39m
              [36m/>[39m
              [36m<path[39m
                [33md[39m=[32m"M16 13H8"[39m
              [36m/>[39m
              [36m<path[39m
                [33md[39m=[32m"M16 17H8"[39m
              [36m/>[39m
            [36m</svg>[39m
            [36m<div>[39m
              [36m<p[39m
                [33mclass[39m=[32m"text-[10px] font-bold uppercase tracking-wider mb-1"[39m
              [36m>[39m
                [0mPrivacy & Ethics[0m
              [36m</p>[39m
              [36m<p[39m
                [33mclass[39m=[32m"text-[10px] leading-relaxed opacity-80"[39m
              [36m>[39m
                [0mData is processed securely. We adhere to ethical AI principles, ensuring explainability and bias mitigation in our recommendations.[0m
              [36m</p>[39m
            [36m</div>[39m
          [36m</div>[39m
        [36m</div>[39m
      [36m</div>[39m
    [36m</div>[39m
  [36m</div>[39m
[36m</body>[39m
 Γ£ô src/components/herbal/HerbalGuide.test.tsx > HerbalGuide Component > renders the initial list of remedies 321ms
 Γ£ô src/components/dashboard/PatientDashboard.test.tsx > PatientDashboard Component > renders vital signs correctly 540ms
 Γ£ô src/components/dashboard/PatientDashboard.test.tsx > PatientDashboard Component > renders active conditions and medications 78ms
 ├ù src/components/dashboard/PatientDashboard.test.tsx > PatientDashboard Component > renders the vaccination schedule 455ms
   ΓåÆ Unable to find an accessible element with the role "listitem" and name `/vaccination upcoming/i`

Here are the accessible roles:

  region:

  Name "Patient vitals":
  [36m<section[39m
    [33maria-label[39m=[32m"Patient vitals"[39m
    [33mrole[39m=[32m"region"[39m
  [36m/>[39m

  --------------------------------------------------
  heading:

  Name "Current Vitals":
  [36m<h3[39m
    [33mclass[39m=[32m"text-xs font-bold uppercase tracking-widest text-muted-foreground mb-3 px-1"[39m
  [36m/>[39m

  --------------------------------------------------
  status:

  Name "Real-time vitals overview":
  [36m<div[39m
    [33maria-label[39m=[32m"Real-time vitals overview"[39m
    [33maria-live[39m=[32m"polite"[39m
    [33mclass[39m=[32m"grid grid-cols-1 md:grid-cols-3 gap-4"[39m
    [33mrole[39m=[32m"status"[39m
  [36m/>[39m

  --------------------------------------------------
  paragraph:

  Name "":
  [36m<p[39m
    [33mclass[39m=[32m"text-xs text-muted-foreground font-medium uppercase tracking-wider"[39m
  [36m/>[39m

  Name "Heart Rate: 72 bpm":
  [36m<p[39m
    [33maria-label[39m=[32m"Heart Rate: 72 bpm"[39m
    [33mclass[39m=[32m"text-xl font-bold tabular-nums"[39m
  [36m/>[39m

  Name "":
  [36m<p[39m
    [33mclass[39m=[32m"text-xs text-muted-foreground font-medium uppercase tracking-wider"[39m
  [36m/>[39m

  Name "Blood Pressure: 120/80 mmHg":
  [36m<p[39m
    [33maria-label[39m=[32m"Blood Pressure: 120/80 mmHg"[39m
    [33mclass[39m=[32m"text-xl font-bold tabular-nums"[39m
  [36m/>[39m

  Name "":
  [36m<p[39m
    [33mclass[39m=[32m"text-xs text-muted-foreground font-medium uppercase tracking-wider"[39m
  [36m/>[39m

  Name "Temperature: 98.6 ┬░F":
  [36m<p[39m
    [33maria-label[39m=[32m"Temperature: 98.6 ┬░F"[39m
    [33mclass[39m=[32m"text-xl font-bold tabular-nums"[39m
  [36m/>[39m

  Name "":
  [36m<p[39m
    [33mclass[39m=[32m"text-sm font-medium"[39m
  [36m/>[39m

  Name "":
  [36m<p[39m
    [33mclass[39m=[32m"text-xs text-muted-foreground"[39m
  [36m/>[39m

  Name "":
  [36m<p[39m
    [33mclass[39m=[32m"text-sm font-medium"[39m
  [36m/>[39m

  Name "":
  [36m<p[39m
    [33mclass[39m=[32m"text-xs text-muted-foreground"[39m
  [36m/>[39m

  --------------------------------------------------
  list:

  Name "Vaccination history and upcoming":
  [36m<ul[39m
    [33maria-label[39m=[32m"Vaccination history and upcoming"[39m
    [33mclass[39m=[32m"space-y-4"[39m
    [33mrole[39m=[32m"list"[39m
  [36m/>[39m

  --------------------------------------------------
  listitem:

  Name "":
  [36m<li[39m
    [33mclass[39m=[32m"flex items-center gap-4"[39m
  [36m/>[39m

  Name "":
  [36m<li[39m
    [33mclass[39m=[32m"flex items-center gap-4"[39m
  [36m/>[39m

  --------------------------------------------------

Ignored nodes: comments, script, style
[36m<body>[39m
  [36m<div>[39m
    [36m<div[39m
      [33mclass[39m=[32m"space-y-6"[39m
    [36m>[39m
      [36m<section[39m
        [33maria-label[39m=[32m"Patient vitals"[39m
        [33mrole[39m=[32m"region"[39m
      [36m>[39m
        [36m<h3[39m
          [33mclass[39m=[32m"text-xs font-bold uppercase tracking-widest text-muted-foreground mb-3 px-1"[39m
        [36m>[39m
          [0mCurrent Vitals[0m
        [36m</h3>[39m
        [36m<div[39m
          [33maria-label[39m=[32m"Real-time vitals overview"[39m
          [33maria-live[39m=[32m"polite"[39m
          [33mclass[39m=[32m"grid grid-cols-1 md:grid-cols-3 gap-4"[39m
          [33mrole[39m=[32m"status"[39m
        [36m>[39m
          [36m<div[39m
            [33mstyle[39m=[32m"opacity: 0; transform: translateY(16px);"[39m
          [36m>[39m
            [36m<div[39m
              [33mclass[39m=[32m"group/card flex flex-col gap-4 rounded-xl bg-card py-4 text-sm text-card-foreground ring-1 ring-foreground/10 has-data-[slot=card-footer]:pb-0 has-[>img:first-child]:pt-0 data-[size=sm]:gap-3 data-[size=sm]:py-3 data-[size=sm]:has-data-[slot=card-footer]:pb-0 *:[img:first-child]:rounded-t-xl *:[img:last-child]:rounded-b-xl border-none shadow-sm card-interactive overflow-hidden"[39m
              [33mdata-size[39m=[32m"default"[39m
              [33mdata-slot[39m=[32m"card"[39m
            [36m>[39m
              [36m<div[39m
                [33mclass[39m=[32m"group-data-[size=sm]/card:px-3 p-4 flex items-center gap-4"[39m
                [33mdata-slot[39m=[32m"card-content"[39m
              [36m>[39m
                [36m<div[39m
                  [33maria-hidden[39m=[32m"true"[39m
                  [33mclass[39m=[32m"p-3 rounded-xl bg-red-50 shrink-0"[39m
                [36m>[39m
                  [36m<svg[39m
                    [33maria-hidden[39m=[32m"true"[39m
                    [33mclass[39m=[32m"lucide lucide-heart w-5 h-5 text-red-500"[39m
                    [33mfill[39m=[32m"none"[39m
                    [33mheight[39m=[32m"24"[39m
                    [33mstroke[39m=[32m"currentColor"[39m
                    [33mstroke-linecap[39m=[32m"round"[39m
                    [33mstroke-linejoin[39m=[32m"round"[39m
                    [33mstroke-width[39m=[32m"2"[39m
                    [33mviewBox[39m=[32m"0 0 24 24"[39m
                    [33mwidth[39m=[32m"24"[39m
                    [33mxmlns[39m=[32m"http://www.w3.org/2000/svg"[39m
                  [36m>[39m
                    [36m<path[39m
                      [33md[39m=[32m"M2 9.5a5.5 5.5 0 0 1 9.591-3.676.56.56 0 0 0 .818 0A5.49 5.49 0 0 1 22 9.5c0 2.29-1.5 4-3 5.5l-5.492 5.313a2 2 0 0 1-3 .019L5 15c-1.5-1.5-3-3.2-3-5.5"[39m
                    [36m/>[39m
                  [36m</svg>[39m
                [36m</div>[39m
                [36m<div[39m
                  [33mclass[39m=[32m"min-w-0"[39m
                [36m>[39m
                  [36m<p[39m
                    [33mclass[39m=[32m"text-xs text-muted-foreground font-medium uppercase tracking-wider"[39m
                  [36m>[39m
                    [0mHeart Rate[0m
                  [36m</p>[39m
                  [36m<p[39m
                    [33maria-label[39m=[32m"Heart Rate: 72 bpm"[39m
                    [33mclass[39m=[32m"text-xl font-bold tabular-nums"[39m
                  [36m>[39m
                    [0m72[0m
                    [36m<span[39m
                      [33mclass[39m=[32m"text-sm font-normal text-muted-foreground ml-1"[39m
                    [36m>[39m
                      [0mbpm[0m
                    [36m</span>[39m
                  [36m</p>[39m
                [36m</div>[39m
                [36m<span[39m
                  [33mclass[39m=[32m"group/badge inline-flex h-5 w-fit items-center justify-center gap-1 overflow-hidden rounded-4xl border border-transparent px-2 py-0.5 font-medium whitespace-nowrap transition-all focus-visible:border-ring focus-visible:ring-[3px] focus-visible:ring-ring/50 has-data-[icon=inline-end]:pr-1.5 has-data-[icon=inline-start]:pl-1.5 aria-invalid:border-destructive aria-invalid:ring-destructive/20 dark:aria-invalid:ring-destructive/40 [&>svg]:pointer-events-none [&>svg]:size-3! [a]:hover:bg-secondary/80 ml-auto shrink-0 text-[10px] bg-green-50 text-green-700"[39m
                  [33mdata-slot[39m=[32m"badge"[39m
                  [33mdata-variant[39m=[32m"secondary"[39m
                [36m>[39m
                  [0mNormal[0m
                [36m</span>[39m
              [36m</div>[39m
            [36m</div>[39m
          [36m</div>[39m
          [36m<div[39m
            [33mstyle[39m=[32m"opacity: 0; transform: translateY(16px);"[39m
          [36m>[39m
            [36m<div[39m
              [33mclass[39m=[32m"group/card flex flex-col gap-4 rounded-xl bg-card py-4 text-sm text-card-foreground ring-1 ring-foreground/10 has-data-[slot=card-footer]:pb-0 has-[>img:first-child]:pt-0 data-[size=sm]:gap-3 data-[size=sm]:py-3 data-[size=sm]:has-data-[slot=card-footer]:pb-0 *:[img:first-child]:rounded-t-xl *:[img:last-child]:rounded-b-xl border-none shadow-sm card-interactive overflow-hidden"[39m
              [33mdata-size[39m=[32m"default"[39m
              [33mdata-slot[39m=[32m"card"[39m
            [36m>[39m
              [36m<div[39m
                [33mclass[39m=[32m"group-data-[size=sm]/card:px-3 p-4 flex items-center gap-4"[39m
                [33mdata-slot[39m=[32m"card-content"[39m
              [36m>[39m
                [36m<div[39m
                  [33maria-hidden[39m=[32m"true"[39m
                  [33mclass[39m=[32m"p-3 rounded-xl bg-blue-50 shrink-0"[39m
                [36m>[39m
                  [36m<svg[39m
                    [33maria-hidden[39m=[32m"true"[39m
                    [33mclass[39m=[32m"lucide lucide-activity w-5 h-5 text-blue-500"[39m
                    [33mfill[39m=[32m"none"[39m
                    [33mheight[39m=[32m"24"[39m
                    [33mstroke[39m=[32m"currentColor"[39m
                    [33mstroke-linecap[39m=[32m"round"[39m
                    [33mstroke-linejoin[39m=[32m"round"[39m
                    [33mstroke-width[39m=[32m"2"[39m
                    [33mviewBox[39m=[32m"0 0 24 24"[39m
                    [33mwidth[39m=[32m"24"[39m
                    [33mxmlns[39m=[32m"http://www.w3.org/2000/svg"[39m
                  [36m>[39m
                    [36m<path[39m
                      [33md[39m=[32m"M22 12h-2.48a2 2 0 0 0-1.93 1.46l-2.35 8.36a.25.25 0 0 1-.48 0L9.24 2.18a.25.25 0 0 0-.48 0l-2.35 8.36A2 2 0 0 1 4.49 12H2"[39m
                    [36m/>[39m
                  [36m</svg>[39m
                [36m</div>[39m
                [36m<div[39...
 ├ù src/components/herbal/HerbalGuide.test.tsx > HerbalGuide Component > filters remedies based on search text 805ms
   ΓåÆ [2mexpect([22m[31melement[39m[2m).not.toBeInTheDocument()[22m

[31mexpected document not to contain element, found <div
  class="font-heading font-medium group-data-[size=sm]/card:text-sm text-xl"
  data-slot="card-title"
>
  Chamomile
</div> instead[39m
 ├ù src/components/herbal/HerbalGuide.test.tsx > HerbalGuide Component > filters remedies based on category buttons 203ms
   ΓåÆ [2mexpect([22m[31melement[39m[2m).not.toBeInTheDocument()[22m

[31mexpected document not to contain element, found <div
  class="font-heading font-medium group-data-[size=sm]/card:text-sm text-xl"
  data-slot="card-title"
>
  Ginger
</div> instead[39m
node.exe : stderr | 
src/components/chat/ChatInterface.test.tsx > 
ChatInterface Component > renders the 
initial assistant greeting
At line:1 char:1
+ & "C:\nodejs/node.exe" 
"C:\nodejs/node_modules/npm/bin/npx-cli.js" 
vi ...
+ ~~~~~~~~~~~~~~~~~~~~~~~~~~~~~~~~~~~~~~~~~~~
~~~~~~~~~~~~~~~~~~~~~~~~~~
    + CategoryInfo          : NotSpecified:  
   (stderr | src/co...istant greeting:Strin  
  g) [], RemoteException
    + FullyQualifiedErrorId : NativeCommandE 
   rror
 
In HTML, <button> cannot be a descendant of 
<button>.
This will cause a hydration error.

  <ChatInterface>
    <div className="grid grid-...">
      <Card className="lg:col-spa...">
        <div data-slot="card" 
data-size="default" 
className={"group/ca..."}>
          <CardHeader>
          <CardContent>
          <div className="p-4 border...">
            <div>
            <div className="mt-3 flex ...">
              <button>
              <button>
              <Dialog>
                <DialogRoot 
data-slot="dialog">
                  <DialogTrigger 
asChild={true}>
                    <DialogTrigger 
data-slot="dialog-tri..." asChild={true}>
>                     <button
>                       type="button"
>                       onClick={function 
onClick}
>                       
onMouseDown={function onMouseDown}
>                       onKeyDown={function}
>                       onKeyUp={function 
onKeyUp}
>                       
onPointerDown={function onPointerDown}
>                       tabIndex={0}
>                       disabled={false}
>                       
data-base-ui-click-trigger=""
>                       id="base-ui-_r_6_"
>                       
data-slot="dialog-trigger"
>                       asChild={true}
>                       ref={function}
>                     >
>                       <button
>                         
className="text-[10px] text-muted-foreground 
hover:text-primary flex items-center gap-1 
tran..."
>                       >
                  ...
      ...

<button> cannot contain a nested <button>.
See this log for the ancestor stack trace.
React does not recognize the `asChild` prop 
on a DOM element. If you intentionally want 
it to appear in the DOM as a custom 
attribute, spell it as lowercase `aschild` 
instead. If you accidentally passed it from 
a parent component, remove it from the DOM 
element.

stderr | 
src/components/chat/ChatInterface.test.tsx > 
ChatInterface Component > renders the 
initial assistant greeting
An update to ScrollAreaRoot inside a test 
was not wrapped in act(...).

When testing, code that causes React state 
updates should be wrapped into act(...):

act(() => {
  /* fire events that update state */
});
/* assert on the output */

This ensures that you're testing the 
behavior the user would see in the browser. 
Learn more at 
https://react.dev/link/wrap-tests-with-act

 Γ£ô src/components/chat/ChatInterface.test.tsx > ChatInterface Component > renders the initial assistant greeting 303ms
 Γ£ô src/components/chat/ChatInterface.test.tsx > ChatInterface Component > allows user to type a message but disables "Send" if empty 479ms
 Γ£ô src/components/chat/ChatInterface.test.tsx > ChatInterface Component > sends a message and displays the AI response 610ms

ΓÄ»ΓÄ»ΓÄ»ΓÄ»ΓÄ»ΓÄ»ΓÄ» Failed Tests 4 
ΓÄ»ΓÄ»ΓÄ»ΓÄ»ΓÄ»ΓÄ»ΓÄ»

 FAIL  src/components/dashboard/PatientDashbo
ard.test.tsx > PatientDashboard Component > 
renders the vaccination schedule
TestingLibraryElementError: Unable to find 
an accessible element with the role 
"listitem" and name `/vaccination upcoming/i`

Here are the accessible roles:

  region:

  Name "Patient vitals":
  [36m<section[39m
    [33maria-label[39m=[32m"Patient 
vitals"[39m
    [33mrole[39m=[32m"region"[39m
  [36m/>[39m

  -------------------------------------------
-------
  heading:

  Name "Current Vitals":
  [36m<h3[39m
    [33mclass[39m=[32m"text-xs font-bold 
uppercase tracking-widest 
text-muted-foreground mb-3 px-1"[39m
  [36m/>[39m

  -------------------------------------------
-------
  status:

  Name "Real-time vitals overview":
  [36m<div[39m
    [33maria-label[39m=[32m"Real-time 
vitals overview"[39m
    [33maria-live[39m=[32m"polite"[39m
    [33mclass[39m=[32m"grid grid-cols-1 
md:grid-cols-3 gap-4"[39m
    [33mrole[39m=[32m"status"[39m
  [36m/>[39m

  -------------------------------------------
-------
  paragraph:

  Name "":
  [36m<p[39m
    [33mclass[39m=[32m"text-xs 
text-muted-foreground font-medium uppercase 
tracking-wider"[39m
  [36m/>[39m

  Name "Heart Rate: 72 bpm":
  [36m<p[39m
    [33maria-label[39m=[32m"Heart Rate: 
72 bpm"[39m
    [33mclass[39m=[32m"text-xl font-bold 
tabular-nums"[39m
  [36m/>[39m

  Name "":
  [36m<p[39m
    [33mclass[39m=[32m"text-xs 
text-muted-foreground font-medium uppercase 
tracking-wider"[39m
  [36m/>[39m

  Name "Blood Pressure: 120/80 mmHg":
  [36m<p[39m
    [33maria-label[39m=[32m"Blood 
Pressure: 120/80 mmHg"[39m
    [33mclass[39m=[32m"text-xl font-bold 
tabular-nums"[39m
  [36m/>[39m

  Name "":
  [36m<p[39m
    [33mclass[39m=[32m"text-xs 
text-muted-foreground font-medium uppercase 
tracking-wider"[39m
  [36m/>[39m

  Name "Temperature: 98.6 ┬░F":
  [36m<p[39m
    [33maria-label[39m=[32m"Temperature: 
98.6 ┬░F"[39m
    [33mclass[39m=[32m"text-xl font-bold 
tabular-nums"[39m
  [36m/>[39m

  Name "":
  [36m<p[39m
    [33mclass[39m=[32m"text-sm 
font-medium"[39m
  [36m/>[39m

  Name "":
  [36m<p[39m
    [33mclass[39m=[32m"text-xs 
text-muted-foreground"[39m
  [36m/>[39m

  Name "":
  [36m<p[39m
    [33mclass[39m=[32m"text-sm 
font-medium"[39m
  [36m/>[39m

  Name "":
  [36m<p[39m
    [33mclass[39m=[32m"text-xs 
text-muted-foreground"[39m
  [36m/>[39m

  -------------------------------------------
-------
  list:

  Name "Vaccination history and upcoming":
  [36m<ul[39m
    [33maria-label[39m=[32m"Vaccination 
history and upcoming"[39m
    [33mclass[39m=[32m"space-y-4"[39m
    [33mrole[39m=[32m"list"[39m
  [36m/>[39m

  -------------------------------------------
-------
  listitem:

  Name "":
  [36m<li[39m
    [33mclass[39m=[32m"flex items-center 
gap-4"[39m
  [36m/>[39m

  Name "":
  [36m<li[39m
    [33mclass[39m=[32m"flex items-center 
gap-4"[39m
  [36m/>[39m

  -------------------------------------------
-------

Ignored nodes: comments, script, style
[36m<body>[39m
  [36m<div>[39m
    [36m<div[39m
      [33mclass[39m=[32m"space-y-6"[39m
    [36m>[39m
      [36m<section[39m
        [33maria-label[39m=[32m"Patient 
vitals"[39m
        [33mrole[39m=[32m"region"[39m
      [36m>[39m
        [36m<h3[39m
          [33mclass[39m=[32m"text-xs 
font-bold uppercase tracking-widest 
text-muted-foreground mb-3 px-1"[39m
        [36m>[39m
          [0mCurrent Vitals[0m
        [36m</h3>[39m
        [36m<div[39m
          
[33maria-label[39m=[32m"Real-time vitals 
overview"[39m
          
[33maria-live[39m=[32m"polite"[39m
          [33mclass[39m=[32m"grid 
grid-cols-1 md:grid-cols-3 gap-4"[39m
          [33mrole[39m=[32m"status"[39m
        [36m>[39m
          [36m<div[39m
            [33mstyle[39m=[32m"opacity: 
0; transform: translateY(16px);"[39m
          [36m>[39m
            [36m<div[39m
              
[33mclass[39m=[32m"group/card flex 
flex-col gap-4 rounded-xl bg-card py-4 
text-sm text-card-foreground ring-1 
ring-foreground/10 
has-data-[slot=card-footer]:pb-0 
has-[>img:first-child]:pt-0 
data-[size=sm]:gap-3 data-[size=sm]:py-3 data
-[size=sm]:has-data-[slot=card-footer]:pb-0 
*:[img:first-child]:rounded-t-xl 
*:[img:last-child]:rounded-b-xl border-none 
shadow-sm card-interactive 
overflow-hidden"[39m
              
[33mdata-size[39m=[32m"default"[39m
              
[33mdata-slot[39m=[32m"card"[39m
            [36m>[39m
              [36m<div[39m
                [33mclass[39m=[32m"group-d
ata-[size=sm]/card:px-3 p-4 flex 
items-center gap-4"[39m
                
[33mdata-slot[39m=[32m"card-content"[39m
              [36m>[39m
                [36m<div[39m
                  
[33maria-hidden[39m=[32m"true"[39m
                  [33mclass[39m=[32m"p-3 
rounded-xl bg-red-50 shrink-0"[39m
                [36m>[39m
                  [36m<svg[39m
                    
[33maria-hidden[39m=[32m"true"[39m
                    
[33mclass[39m=[32m"lucide lucide-heart 
w-5 h-5 text-red-500"[39m
                    
[33mfill[39m=[32m"none"[39m
                    
[33mheight[39m=[32m"24"[39m
                    
[33mstroke[39m=[32m"currentColor"[39m
                    
[33mstroke-linecap[39m=[32m"round"[39m
                    
[33mstroke-linejoin[39m=[32m"round"[39m
                    
[33mstroke-width[39m=[32m"2"[39m
                    
[33mviewBox[39m=[32m"0 0 24 24"[39m
                    
[33mwidth[39m=[32m"24"[39m
                    [33mxmlns[39m=[32m"htt
p://www.w3.org/2000/svg"[39m
                  [36m>[39m
                    [36m<path[39m
                      [33md[39m=[32m"M2 
9.5a5.5 5.5 0 0 1 9.591-3.676.56.56 0 0 0 
.818 0A5.49 5.49 0 0 1 22 9.5c0 2.29-1.5 4-3 
5.5l-5.492 5.313a2 2 0 0 1-3 .019L5 
15c-1.5-1.5-3-3.2-3-5.5"[39m
                    [36m/>[39m
                  [36m</svg>[39m
                [36m</div>[39m
                [36m<div[39m
                  
[33mclass[39m=[32m"min-w-0"[39m
                [36m>[39m
                  [36m<p[39m
                    
[33mclass[39m=[32m"text-xs 
text-muted-foreground font-medium uppercase 
tracking-wider"[39m
                  [36m>[39m
                    [0mHeart Rate[0m
                  [36m</p>[39m
                  [36m<p[39m
                    
[33maria-label[39m=[32m"Heart Rate: 72 
bpm"[39m
                    
[33mclass[39m=[32m"text-xl font-bold 
tabular-nums"[39m
                  [36m>[39m
                    [0m72[0m
                    [36m<span[39m
                      
[33mclass[39m=[32m"text-sm font-normal 
text-muted-foreground ml-1"[39m
                    [36m>[39m
                      [0mbpm[0m
                    [36m</span>[39m
                  [36m</p>[39m
                [36m</div>[39m
                [36m<span[39m
                  
[33mclass[39m=[32m"group/badge 
inline-flex h-5 w-fit items-center 
justify-center gap-1 overflow-hidden 
rounded-4xl border border-transparent px-2 
py-0.5 font-medium whitespace-nowrap 
transition-all focus-visible:border-ring 
focus-visible:ring-[3px] 
focus-visible:ring-ring/50 
has-data-[icon=inline-end]:pr-1.5 
has-data-[icon=inline-start]:pl-1.5 
aria-invalid:border-destructive 
aria-invalid:ring-destructive/20 
dark:aria-invalid:ring-destructive/40 
[&>svg]:pointer-events-none [&>svg]:size-3! 
[a]:hover:bg-secondary/80 ml-auto shrink-0 
text-[10px] bg-green-50 text-green-700"[39m
                  
[33mdata-slot[39m=[32m"badge"[39m
                  
[33mdata-variant[39m=[32m"secondary"[39m
                [36m>[39m
                  [0mNormal[0m
                [36m</span>[39m
              [36m</div>[39m
            [36m</div>[39m
          [36m</div>[39m
          [36m<div[39m
            [33mstyle[39m=[32m"opacity: 
0; transform: translateY(16px);"[39m
          [36m>[39m
            [36m<div[39m
              
[33mclass[39m=[32m"group/card flex 
flex-col gap-4 rounded-xl bg-card py-4 
text-sm text-card-foreground ring-1 
ring-foreground/10 
has-data-[slot=card-footer]:pb-0 
has-[>img:first-child]:pt-0 
data-[size=sm]:gap-3 data-[size=sm]:py-3 data
-[size=sm]:has-data-[slot=card-footer]:pb-0 
*:[img:first-child]:rounded-t-xl 
*:[img:last-child]:rounded-b-xl border-none 
shadow-sm card-interactive 
overflow-hidden"[39m
              
[33mdata-size[39m=[32m"default"[39m
              
[33mdata-slot[39m=[32m"card"[39m
            [36m>[39m
              [36m<div[39m
                [33mclass[39m=[32m"group-d
ata-[size=sm]/card:px-3 p-4 flex 
items-center gap-4"[39m
                
[33mdata-slot[39m=[32m"card-content"[39m
              [36m>[39m
                [36m<div[39m
                  
[33maria-hidden[39m=[32m"true"[39m
                  [33mclass[39m=[32m"p-3 
rounded-xl bg-blue-50 shrink-0"[39m
                [36m>[39m
                  [36m<svg[39m
                    
[33maria-hidden[39m=[32m"true"[39m
                    
[33mclass[39m=[32m"lucide lucide-activity 
w-5 h-5 text-blue-500"[39m
                    
[33mfill[39m=[32m"none"[39m
                    
[33mheight[39m=[32m"24"[39m
                    
[33mstroke[39m=[32m"currentColor"[39m
                    
[33mstroke-linecap[39m=[32m"round"[39m
                    
[33mstroke-linejoin[39m=[32m"round"[39m
                    
[33mstroke-width[39m=[32m"2"[39m
                    
[33mviewBox[39m=[32m"0 0 24 24"[39m
                    
[33mwidth[39m=[32m"24"[39m
                    [33mxmlns[39m=[32m"htt
p://www.w3.org/2000/svg"[39m
                  [36m>[39m
                    [36m<path[39m
                      [33md[39m=[32m"M22 
12h-2.48a2 2 0 0 0-1.93 1.46l-2.35 
8.36a.25.25 0 0 1-.48 0L9.24 2.18a.25.25 0 0 
0-.48 0l-2.35 8.36A2 2 0 0 1 4.49 12H2"[39m
                    [36m/>[39m
                  [36m</svg>[39m
                [36m</div>[39m
                [36m<div[39...
 Γ¥» Object.getElementError node_modules/@tes
ting-library/dom/dist/config.js:37:19
 Γ¥» node_modules/@testing-library/dom/dist/q
uery-helpers.js:76:38
 Γ¥» node_modules/@testing-library/dom/dist/q
uery-helpers.js:52:17
 Γ¥» node_modules/@testing-library/dom/dist/q
uery-helpers.js:95:19
 Γ¥» src/components/dashboard/PatientDashboar
d.test.tsx:45:19
     43|
     44|     // Check status badges
     45|     
expect(screen.getByRole('listitem', { name: 
/vaccination upcoming/ΓÇª
       |                   ^
     46|   });
     47| });

ΓÄ»ΓÄ»ΓÄ»ΓÄ»ΓÄ»ΓÄ»ΓÄ»ΓÄ»ΓÄ»ΓÄ»ΓÄ»ΓÄ»ΓÄ»ΓÄ»ΓÄ»
ΓÄ»ΓÄ»ΓÄ»ΓÄ»ΓÄ»ΓÄ»ΓÄ»ΓÄ»ΓÄ»[1/4]ΓÄ»

 FAIL  
src/components/herbal/HerbalGuide.test.tsx > 
HerbalGuide Component > filters remedies 
based on search text
Error: [2mexpect([22m[31melement[39m[2m)
.not.toBeInTheDocument()[22m

[31mexpected document not to contain 
element, found <div
  class="font-heading font-medium 
group-data-[size=sm]/card:text-sm text-xl"
  data-slot="card-title"
>
  Chamomile
</div> instead[39m
 Γ¥» src/components/herbal/HerbalGuide.test.t
sx:29:49
     27|
     28|     // Others should not
     29|     expect(screen.queryByText('Chamo
mile')).not.toBeInTheDocument();
       |                                     
            ^
     30|     expect(screen.queryByText('Turme
ric')).not.toBeInTheDocument();
     31|   });

ΓÄ»ΓÄ»ΓÄ»ΓÄ»ΓÄ»ΓÄ»ΓÄ»ΓÄ»ΓÄ»ΓÄ»ΓÄ»ΓÄ»ΓÄ»ΓÄ»ΓÄ»
ΓÄ»ΓÄ»ΓÄ»ΓÄ»ΓÄ»ΓÄ»ΓÄ»ΓÄ»ΓÄ»[2/4]ΓÄ»

 FAIL  
src/components/herbal/HerbalGuide.test.tsx > 
HerbalGuide Component > filters remedies 
based on category buttons
Error: [2mexpect([22m[31melement[39m[2m)
.not.toBeInTheDocument()[22m

[31mexpected document not to contain 
element, found <div
  class="font-heading font-medium 
group-data-[size=sm]/card:text-sm text-xl"
  data-slot="card-title"
>
  Ginger
</div> instead[39m
 Γ¥» src/components/herbal/HerbalGuide.test.t
sx:43:46
     41|     // Only Chamomile is in Stress 
category
     42|     expect(screen.getByText('Chamomi
le')).toBeInTheDocument();
     43|     expect(screen.queryByText('Ginge
r')).not.toBeInTheDocument();
       |                                     
         ^
     44|
     45|     // Verify button is marked as 
pressed

ΓÄ»ΓÄ»ΓÄ»ΓÄ»ΓÄ»ΓÄ»ΓÄ»ΓÄ»ΓÄ»ΓÄ»ΓÄ»ΓÄ»ΓÄ»ΓÄ»ΓÄ»
ΓÄ»ΓÄ»ΓÄ»ΓÄ»ΓÄ»ΓÄ»ΓÄ»ΓÄ»ΓÄ»[3/4]ΓÄ»

 FAIL  
src/components/legal/Disclaimer.test.tsx > 
Disclaimer Component > renders with the 
expected semantic roles and content
TestingLibraryElementError: Unable to find 
an element with the text: /not a medical 
device/i. This could be because the text is 
broken up by multiple elements. In this 
case, you can provide a function for your 
text matcher to make your matcher more 
flexible.

Ignored nodes: comments, script, style
[36m<body>[39m
  [36m<div>[39m
    [36m<div[39m
      [33maria-label[39m=[32m"Ethical and 
legal disclaimer"[39m
      [33mclass[39m=[32m"group/card flex 
flex-col gap-4 overflow-hidden rounded-xl 
py-4 text-sm text-card-foreground ring-1 
ring-foreground/10 
has-data-[slot=card-footer]:pb-0 
has-[>img:first-child]:pt-0 
data-[size=sm]:gap-3 data-[size=sm]:py-3 data
-[size=sm]:has-data-[slot=card-footer]:pb-0 
*:[img:first-child]:rounded-t-xl 
*:[img:last-child]:rounded-b-xl border-none 
shadow-sm bg-destructive/5 border-l-4 
border-l-destructive"[39m
      [33mdata-size[39m=[32m"default"[39m
      [33mdata-slot[39m=[32m"card"[39m
      [33mrole[39m=[32m"note"[39m
    [36m>[39m
      [36m<div[39m
        
[33mclass[39m=[32m"group/card-header 
@container/card-header grid auto-rows-min 
items-start gap-1 rounded-t-xl px-4 
group-data-[size=sm]/card:px-3 has-data-[slot
=card-action]:grid-cols-[1fr_auto] has-data-[
slot=card-description]:grid-rows-[auto_auto] 
[.border-b]:pb-4 
group-data-[size=sm]/card:[.border-b]:pb-3 
pb-2"[39m
        
[33mdata-slot[39m=[32m"card-header"[39m
      [36m>[39m
        [36m<div[39m
          [33mclass[39m=[32m"font-heading 
group-data-[size=sm]/card:text-sm text-sm 
font-bold flex items-center gap-2 
text-destructive"[39m
          
[33mdata-slot[39m=[32m"card-title"[39m
        [36m>[39m
          [36m<svg[39m
            
[33maria-hidden[39m=[32m"true"[39m
            [33mclass[39m=[32m"lucide 
lucide-shield-alert w-4 h-4 shrink-0"[39m
            [33mfill[39m=[32m"none"[39m
            [33mheight[39m=[32m"24"[39m
            
[33mstroke[39m=[32m"currentColor"[39m
            
[33mstroke-linecap[39m=[32m"round"[39m
            
[33mstroke-linejoin[39m=[32m"round"[39m
            
[33mstroke-width[39m=[32m"2"[39m
            [33mviewBox[39m=[32m"0 0 24 
24"[39m
            [33mwidth[39m=[32m"24"[39m
            [33mxmlns[39m=[32m"http://www.
w3.org/2000/svg"[39m
          [36m>[39m
            [36m<path[39m
              [33md[39m=[32m"M20 13c0 
5-3.5 7.5-7.66 8.95a1 1 0 0 1-.67-.01C7.5 
20.5 4 18 4 13V6a1 1 0 0 1 1-1c2 0 4.5-1.2 
6.24-2.72a1.17 1.17 0 0 1 1.52 0C14.51 3.81 
17 5 19 5a1 1 0 0 1 1 1z"[39m
            [36m/>[39m
            [36m<path[39m
              [33md[39m=[32m"M12 8v4"[39m
            [36m/>[39m
            [36m<path[39m
              [33md[39m=[32m"M12 
16h.01"[39m
            [36m/>[39m
          [36m</svg>[39m
          [0m Ethical & Legal Notice[0m
        [36m</div>[39m
      [36m</div>[39m
      [36m<div[39m
        [33mclass[39m=[32m"px-4 
group-data-[size=sm]/card:px-3 
space-y-4"[39m
        
[33mdata-slot[39m=[32m"card-content"[39m
      [36m>[39m
        [36m<p[39m
          [33mclass[39m=[32m"text-xs 
leading-relaxed text-destructive/90"[39m
        [36m>[39m
          [0mHealthNet AI is an 
experimental clinical decision support 
system. It is designed to provide 
information and guidance based on AI models 
and rule-based systems.[0m
        [36m</p>[39m
        [36m<div[39m
          [33mclass[39m=[32m"grid 
grid-cols-1 md:grid-cols-2 gap-4"[39m
        [36m>[39m
          [36m<div[39m
            [33mclass[39m=[32m"flex 
gap-3"[39m
          [36m>[39m
            [36m<svg[39m
              
[33maria-hidden[39m=[32m"true"[39m
              [33mclass[39m=[32m"lucide 
lucide-scale w-4 h-4 text-destructive 
shrink-0 mt-0.5"[39m
              [33mfill[39m=[32m"none"[39m
              [33mheight[39m=[32m"24"[39m
              
[33mstroke[39m=[32m"currentColor"[39m
              
[33mstroke-linecap[39m=[32m"round"[39m
              
[33mstroke-linejoin[39m=[32m"round"[39m
              
[33mstroke-width[39m=[32m"2"[39m
              [33mviewBox[39m=[32m"0 0 24 
24"[39m
              [33mwidth[39m=[32m"24"[39m
              [33mxmlns[39m=[32m"http://ww
w.w3.org/2000/svg"[39m
            [36m>[39m
              [36m<path[39m
                [33md[39m=[32m"m16 16 3-8 
3 8c-.87.65-1.92 1-3 1s-2.13-.35-3-1Z"[39m
              [36m/>[39m
              [36m<path[39m
                [33md[39m=[32m"m2 16 3-8 
3 8c-.87.65-1.92 1-3 1s-2.13-.35-3-1Z"[39m
              [36m/>[39m
              [36m<path[39m
                [33md[39m=[32m"M7 
21h10"[39m
              [36m/>[39m
              [36m<path[39m
                [33md[39m=[32m"M12 
3v18"[39m
              [36m/>[39m
              [36m<path[39m
                [33md[39m=[32m"M3 7h2c2 0 
5-1 7-2 2 1 5 2 7 2h2"[39m
              [36m/>[39m
            [36m</svg>[39m
            [36m<div>[39m
              [36m<p[39m
                
[33mclass[39m=[32m"text-[10px] font-bold 
uppercase tracking-wider mb-1"[39m

              [36m>[39m
                [0mLegal Status[0m
              [36m</p>[39m
              [36m<p[39m
                
[33mclass[39m=[32m"text-[10px] 
leading-relaxed opacity-80"[39m
              [36m>[39m
                [0mThis software is [0m
                [36m<em>[39m
                  [0mnot[0m
                [36m</em>[39m
                [0m a medical device. It 
has not been cleared by the FDA or any other 
regulatory body for clinical use.[0m
              [36m</p>[39m
            [36m</div>[39m
          [36m</div>[39m
          [36m<div[39m
            [33mclass[39m=[32m"flex 
gap-3"[39m
          [36m>[39m
            [36m<svg[39m
              
[33maria-hidden[39m=[32m"true"[39m
              [33mclass[39m=[32m"lucide 
lucide-file-text w-4 h-4 text-destructive 
shrink-0 mt-0.5"[39m
              [33mfill[39m=[32m"none"[39m
 Test Files  3 failed | 1 passed (4)
              [33mheight[39m=[32m"24"[39m
              
[33mstroke[39m=[32m"currentColor"[39m
              
[33mstroke-linecap[39m=[32m"round"[39m
              
[33mstroke-linejoin[39m=[32m"round"[39m
              
[33mstroke-width[39m=[32m"2"[39m
              [33mviewBox[39m=[32m"0 0 24 
24"[39m
              [33mwidth[39m=[32m"24"[39m
              [33mxmlns[39m=[32m"http://ww
w.w3.org/2000/svg"[39m
            [36m>[39m
              [36m<path[39m
                [33md[39m=[32m"M15 2H6a2 
2 0 0 0-2 2v16a2 2 0 0 0 2 2h12a2 2 0 0 0 
2-2V7Z"[39m
              [36m/>[39m
              [36m<path[39m
      Tests  4 failed | 6 passed (10)
     Errors  2 errors
   Start at  16:57:30
   Duration  10.79s (transform 1.71s, setup 1.75s, import 6.97s, tests 4.18s, environment 10.55s)

                [33md[39m=[32m"M14 2v4a2 
2 0 0 0 2 2h4"[39m
              [36m/>[39m
              [36m<path[39m
                [33md[39m=[32m"M10 
9H8"[39m
              [36m/>[39m
              [36m<path[39m
                [33md[39m=[32m"M16 
13H8"[39m
              [36m/>[39m
              [36m<path[39m
                [33md[39m=[32m"M16 
17H8"[39m
              [36m/>[39m
            [36m</svg>[39m
            [36m<div>[39m
              [36m<p[39m
                
[33mclass[39m=[32m"text-[10px] font-bold 
uppercase tracking-wider mb-1"[39m
              [36m>[39m
                [0mPrivacy & Ethics[0m
              [36m</p>[39m
              [36m<p[39m
                
[33mclass[39m=[32m"text-[10px] 
leading-relaxed opacity-80"[39m
              [36m>[39m
                [0mData is processed 
securely. We adhere to ethical AI 
principles, ensuring explainability and bias 
mitigation in our recommendations.[0m
              [36m</p>[39m
            [36m</div>[39m
          [36m</div>[39m
        [36m</div>[39m
      [36m</div>[39m
    [36m</div>[39m
  [36m</div>[39m
[36m</body>[39m
 Γ¥» Object.getElementError node_modules/@tes
ting-library/dom/dist/config.js:37:19
 Γ¥» node_modules/@testing-library/dom/dist/q
uery-helpers.js:76:38
 Γ¥» node_modules/@testing-library/dom/dist/q
uery-helpers.js:52:17
 Γ¥» node_modules/@testing-library/dom/dist/q
uery-helpers.js:95:19
 Γ¥» src/components/legal/Disclaimer.test.tsx
:22:19
     20|     // Check sub-sections
     21|     expect(screen.getByText('Legal 
Status')).toBeInTheDocument();
     22|     expect(screen.getByText(/not a 
medical device/i)).toBeInTheDocumenΓÇª
       |                   ^
     23|
     24|     
expect(screen.getByText('Privacy & 
Ethics')).toBeInTheDocument();

ΓÄ»ΓÄ»ΓÄ»ΓÄ»ΓÄ»ΓÄ»ΓÄ»ΓÄ»ΓÄ»ΓÄ»ΓÄ»ΓÄ»ΓÄ»ΓÄ»ΓÄ»
ΓÄ»ΓÄ»ΓÄ»ΓÄ»ΓÄ»ΓÄ»ΓÄ»ΓÄ»ΓÄ»[4/4]ΓÄ»

ΓÄ»ΓÄ»ΓÄ»ΓÄ»ΓÄ»ΓÄ» Unhandled Errors 
ΓÄ»ΓÄ»ΓÄ»ΓÄ»ΓÄ»ΓÄ»

Vitest caught 2 unhandled errors during the 
test run.
This might cause false positive tests. 
Resolve unhandled errors to make sure your 
tests are not affected.

ΓÄ»ΓÄ»ΓÄ»ΓÄ»ΓÄ» Uncaught Exception 
ΓÄ»ΓÄ»ΓÄ»ΓÄ»ΓÄ»
TypeError: viewport.getAnimations is not a 
function
 Γ¥» node_modules/@base-ui/react/esm/scroll-a
rea/viewport/ScrollAreaViewport.js:288:35
 Γ¥» Timeout._onTimeout node_modules/@base-ui
/utils/esm/useTimeout.js:19:7
 Γ¥» listOnTimeout 
node:internal/timers:605:17
 Γ¥» processTimers node:internal/timers:541:7

This error originated in 
"src/components/chat/ChatInterface.test.tsx" 
test file. It doesn't mean the error was 
thrown inside the file itself, but while it 
was running.
The latest test that might've caused the 
error is "allows user to type a message but 
disables "Send" if empty". It might mean one 
of the following:
- The error was thrown, while Vitest was 
running this test.
- If the error occurred after the test had 
been completed, this was the last documented 
test before it was thrown.

ΓÄ»ΓÄ»ΓÄ»ΓÄ»ΓÄ» Uncaught Exception 
ΓÄ»ΓÄ»ΓÄ»ΓÄ»ΓÄ»
TypeError: viewport.getAnimations is not a 
function
 Γ¥» node_modules/@base-ui/react/esm/scroll-a
rea/viewport/ScrollAreaViewport.js:288:35
 Γ¥» Timeout._onTimeout node_modules/@base-ui
/utils/esm/useTimeout.js:19:7
 Γ¥» listOnTimeout 
node:internal/timers:605:17
 Γ¥» processTimers node:internal/timers:541:7

This error originated in 
"src/components/chat/ChatInterface.test.tsx" 
test file. It doesn't mean the error was 
thrown inside the file itself, but while it 
was running.
The latest test that might've caused the 
error is "sends a message and displays the 
AI response". It might mean one of the 
following:
- The error was thrown, while Vitest was 
running this test.
- If the error occurred after the test had 
been completed, this was the last documented 
test before it was thrown.
ΓÄ»ΓÄ»ΓÄ»ΓÄ»ΓÄ»ΓÄ»ΓÄ»ΓÄ»ΓÄ»ΓÄ»ΓÄ»ΓÄ»ΓÄ»ΓÄ»ΓÄ»
ΓÄ»ΓÄ»ΓÄ»ΓÄ»ΓÄ»ΓÄ»ΓÄ»ΓÄ»ΓÄ»ΓÄ»ΓÄ»ΓÄ»ΓÄ»ΓÄ»ΓÄ»

